INFO:     Started server process [14419]
INFO:     Waiting for application startup.
INFO:     Application startup complete.
ERROR:    [Errno 98] error while attempting to bind on address ('0.0.0.0', 8000): address already in use
INFO:     Waiting for application shutdown.
INFO:     Application shutdown complete.
[OK] Database initialized
Jewelry Reseller Platform API is running!
Shutting down...
[OK] Database initialized
Jewelry Reseller Platform API is running!
INFO:     127.0.0.1:52280 - "GET /api/health HTTP/1.1" 200 OK
INFO:     Shutting down
INFO:     Waiting for application shutdown.
INFO:     Application shutdown complete.
INFO:     Finished server process [14070]
